    p50_copies: 4
    p95_copies: 4
    p99_copies_per_vector: 4
    tolerance: 0.01
  kind: receipt

projection:
  # For the learner interface and the hero image only. Not a measurement.
  method: UMAP
=== fixture verify supports value reproduction with the asset ===
  verified      receipt  ground_truth.npy               ee0ad1349b22db3c5dca1df0ab870e648c59234c49d1fd1e0e36df3f13d86b8e
  verified      receipt  characterization.json          7c6d4d8a3c0e23f6b409997cd7ab856f048241c51878c15a827f913786d2d580
  verified      declared build_info.json                bf5e8e1b49366f8eb11e31bf3e989c377830cab04f3cdd0a5e89a536de792afc
  couldnt_check declared projection.npy                 artifact not present (release asset, or not built); looked in fixtures\arxiv-150k and C:\Users\polo2\oneground-assets\arxiv-150k
  verified      declared ground_view_base.parquet       aa371f3611f0a734477f60ec85a3a2d33f47b225c0aca656bd31cb9ebe3068e7
  verified      declared ground_view_queries.parquet    2e4815a45a01fe3d1b3bb2d2e4144be40d612b1c4cce593debdd5ed439b702c6
  verified      declared ground_view_centroids.parquet  60a82fe747adf315128ab5abf95591fcf10fbbf2d2d1b8d9b541cb8c957fabf8

values
  verified      intrinsic_dimensionality                recomputed 32.5533, published 32.55, delta 0.00325699, tolerance 0.5
  verified      boundary_crispness                      recomputed 0.0362467, published 0.036, delta 0.000246667, tolerance 0.02
  verified      skew_top10_share                        recomputed 0.0754, published 0.075, delta 0.0004, tolerance 0.02
  verified      ambiguous_query_rate                    recomputed 0.8915, published 0.891, delta 0.0005, tolerance 0.02
  verified      drift                                   before recomputed 0.523212, published 0.522, delta 0.00121244; after recomputed 0.551401, published 0.549, delta 0.00240097; tolerance 0.02
  verified      single_node_hnsw.recall_at_10           recomputed 0.9968, published 0.997, delta 0.0002, tolerance 0.01
  verified      semantic_sharded.recall_at_10           recomputed 0.9318, published 0.932, delta 0.0002, tolerance 0.01
  verified      semantic_sharded.storage_amplification  recomputed 3.71516, published 3.715, delta 0.00016, tolerance 0.01

summary: digests 10 verified, 0 contradicted, 1 couldnt_check (6 receipt, 5 declared)
         values  8 verified, 0 contradicted, 0 couldnt_check

         every published value reproduced. This fixture's status may be set to `verified`.

[exited with code 0]
